[13:34:34.887] [INFO] [Subnautica.Loader] Loading dependencies: C:\Users\TeMeR\AppData\Roaming\.botbenson\Subnautica Below Zero\Game\Dependencies\, Total: 15
[13:34:35.116] [INFO] [Subnautica.Loader] Loaded dependency: v2.3.3, Name: 0Harmony
[13:34:35.209] [INFO] [Subnautica.Loader] Loaded dependency: v1.2.1, Name: DiscordRPC
[13:34:35.292] [INFO] [Subnautica.Loader] Loaded dependency: v1.2.0, Name: LiteNetLib
[13:34:35.320] [INFO] [Subnautica.Loader] Loaded dependency: v2.5.0, Name: MessagePack.Annotations
[13:34:35.403] [INFO] [Subnautica.Loader] Loaded dependency: v2.5.0, Name: MessagePack
[13:34:35.406] [INFO] [Subnautica.Loader] Loaded dependency: v13.0.0, Name: Newtonsoft.Json
[13:34:35.451] [INFO] [Subnautica.Loader] Loaded dependency: v3.0.1, Name: Subnautica.Network
[13:34:35.638] [INFO] [Subnautica.Loader] Loaded dependency: v3.0.1, Name: Subnautica.Server
[13:34:35.638] [INFO] [Subnautica.Loader] Loaded dependency: v4.0.3, Name: System.Buffers
[13:34:35.640] [INFO] [Subnautica.Loader] Loaded dependency: v6.0.0, Name: System.Collections.Immutable
[13:34:35.642] [INFO] [Subnautica.Loader] Loaded dependency: v4.0.1, Name: System.Memory
[13:34:35.645] [INFO] [Subnautica.Loader] Loaded dependency: v4.0.0, Name: System.Reflection.Emit
[13:34:35.646] [INFO] [Subnautica.Loader] Loaded dependency: v4.0.0, Name: System.Reflection.Emit.ILGeneration
[13:34:35.646] [INFO] [Subnautica.Loader] All dependencies are loaded!
[13:34:35.647] [INFO] [Subnautica.Loader] Loading plugins: C:\Users\TeMeR\AppData\Roaming\.botbenson\Subnautica Below Zero\Game\Plugins\, Total: 2
[13:34:35.733] [INFO] [Subnautica.Loader] Loaded plugin: v3.0.1, Name: Subnautica.Client, Hash: 62B8F14287062E63B76E3E0B147DD9D1842231E5BC08728D6BD3C868238271DB
[13:34:35.838] [INFO] [Subnautica.Loader] Loaded plugin: v3.0.1, Name: Subnautica.Events, Hash: B0A3ABDDCF9E4D97DB66CA81C5032CC5FDD6737AFF3EE0769BF72303B10F9A12
[13:34:38.093] [INFO] [Subnautica.API] Loading Language: ru-RU, Path: C:\Users\TeMeR\AppData\Roaming\.botbenson\Subnautica Below Zero\App\Languages\ru-RU.json
[13:34:38.650] [INFO] [Subnautica.API] Connecting to server!
[13:34:41.991] [INFO] [Subnautica.API] Received Ready from user chemikertemer#0
[13:34:48.716] [INFO] [Subnautica.API] [Connection] IsReady(0): True, anyError: False, ERR: 
