[11:33:57.770] [INF] [BROADCAST] Server is shutting down...
[11:33:57.777] [INF] Nitrox Server Stopping...
[11:34:00.101] [INF] World state saved
[11:34:02.707] [WRN] Failed to remove port forward rule 11000 UDP
[11:34:02.708] [INF] Nitrox Server Stopped
[19:20:11.253] [INF] Starting Nitrox Server V1.8.1.0 for Subnautica
[19:20:11.276] [INF] Server input stream is redirected
[19:20:11.285] [INF] Using game files from: 'D:\Games\PC\Steam\steamapps\common\Subnautica'
[19:20:13.977] [INF] Successfully loaded cache with 213 prefab placeholder groups and 18 random spawn behaviours.
[19:20:20.433] [INF] Loading world with seed YAWIFDOZUV
[19:20:25.586] [INF] Providing session policies...
[19:20:25.603] [INF] World state saved
[19:20:26.972] [INF] World backed up
[19:20:26.984] [INF] Server is listening on port 11000 UDP
[19:20:26.986] [INF] Using JSON as save file serializer
[19:20:26.987] [INF] Server Password: "**********************"
[19:20:26.988] [INF] Admin Password: "**************"
[19:20:26.989] [INF] Autosave: ENABLED (2 min)
[19:20:26.989] [INF] Autobackup: ENABLED (Max Backups: 10)
[19:20:26.991] [INF] Loaded save

 - Save location: C:\Users\TeMeR\AppData\Roaming\Nitrox\saves\SubServer2
 - Aurora's state: already exploded
 - Current time: day 74 (87874s)
 - Scheduled goals stored: 0
 - Story goals completed: 225
 - Radio messages stored: 0
 - World gamemode: SURVIVAL
 - Encyclopedia entries: 197
 - Known tech: 161

[19:20:26.991] [INF] Server has paused, waiting for players to connect
[19:20:26.991] [INF] Server started (15.7s)
[19:20:26.991] [INF] To get help for commands, run help in console or /help in chatbox
[19:20:27.069] [INF] Use IP to connect:
	127.0.0.1 - You (Local)
	192.168.1.2 - Friends on same internet network (LAN)
	fdfd::1aec:6aa5 - Friends on same internet network (LAN)
	**************** - Friends on another internet network (requires port forwarding)
	fdfd::1aec:6aa5 - Friends using Radmin (VPN)
	26.236.106.165 - Friends using Radmin (VPN)
	************************************** - Friends on another internet network (requires port forwarding)
	*********************************** - Friends on another internet network (requires port forwarding)
	**************** - Friends on another internet network (requires port forwarding)
[19:20:27.202] [INF] Processing reservation request from DEEPCOOL
[19:20:27.228] [INF] Reservation processed successfully: Username: DEEPCOOL - [MultiplayerSessionReservation: PlayerId: 2, ReservationKey: 27359ea6-6a77-47b0-8a85-57e25ca2934c, ReservationState: RESERVED, CorrelationId: bf2dca74-f3a1-4824-8f42-84f54ef3b144]
[19:20:27.523] [INF] Server port 11000 UDP has been automatically opened on your router (port is closed when server closes)
[19:21:08.426] [INF] Added player DEEPCOOL to queue
[19:21:08.428] [INF] Starting sync for player DEEPCOOL
[19:21:36.179] [INF] Server has resumed
[19:21:36.193] [INF] Player DEEPCOOL joined successfully. Remaining requests: 0
[19:22:41.626] [INF] Providing session policies...
[19:22:43.939] [INF] Processing reservation request from Chemiker
[19:22:43.939] [INF] Reservation processed successfully: Username: Chemiker - [MultiplayerSessionReservation: PlayerId: 1, ReservationKey: 4c34c8ce-6a61-4d53-aca8-a3f20923a479, ReservationState: RESERVED, CorrelationId: 7fcccba5-bcec-4677-bce1-bf6260fb915f]
[19:23:20.009] [INF] Added player Chemiker to queue
[19:23:20.010] [INF] Starting sync for player Chemiker
[19:23:20.010] [INF] Granted admin to 'Chemiker' because they're playing on the host machine
[19:23:38.614] [INF] World state saved
[19:23:40.015] [INF] World backed up
[19:23:48.326] [INF] Player Chemiker joined successfully. Remaining requests: 0
[19:25:38.856] [INF] World state saved
[19:25:40.380] [INF] World backed up
[19:27:39.088] [INF] World state saved
[19:27:40.629] [INF] World backed up
[19:28:53.094] [INF] Spawning 266 entities from 69 spawn points in batch [NitroxInt3 - 14, 8, 9]
[19:28:53.117] [INF] Spawning 45 entities from 13 spawn points in batch [NitroxInt3 - 15, 8, 9]
[19:29:39.053] [INF] World state saved
[19:29:40.568] [INF] World backed up
[19:31:38.976] [INF] World state saved
[19:31:40.498] [INF] World backed up
[19:33:38.995] [INF] World state saved
[19:33:40.566] [INF] World backed up
[19:35:39.055] [INF] World state saved
[19:35:40.581] [INF] World backed up
[19:37:38.798] [INF] World state saved
[19:37:40.297] [INF] World backed up
[19:39:39.021] [INF] World state saved
[19:39:40.566] [INF] World backed up
[19:40:58.766] [INF] Spawning 267 entities from 59 spawn points in batch [NitroxInt3 - 7, 15, 19]
[19:40:58.880] [INF] Spawning 82 entities from 21 spawn points in batch [NitroxInt3 - 6, 15, 19]
[19:40:58.948] [INF] Spawning 573 entities from 194 spawn points in batch [NitroxInt3 - 7, 15, 18]
[19:40:58.965] [INF] Spawning 7 entities from 5 spawn points in batch [NitroxInt3 - 7, 14, 18]
[19:40:58.988] [INF] Spawning 40 entities from 21 spawn points in batch [NitroxInt3 - 6, 15, 18]
[19:40:59.033] [INF] Spawning 179 entities from 64 spawn points in batch [NitroxInt3 - 8, 14, 18]
[19:40:59.045] [INF] Spawning 20 entities from 7 spawn points in batch [NitroxInt3 - 6, 15, 20]
[19:40:59.057] [INF] Spawning 58 entities from 10 spawn points in batch [NitroxInt3 - 6, 14, 20]
[19:41:28.709] [INF] Spawning 371 entities from 85 spawn points in batch [NitroxInt3 - 5, 16, 20]
[19:41:38.975] [INF] World state saved
[19:41:40.706] [INF] World backed up
[19:41:54.446] [INF] Spawning 37 entities from 20 spawn points in batch [NitroxInt3 - 6, 15, 17]
[19:41:54.479] [INF] Spawning 247 entities from 110 spawn points in batch [NitroxInt3 - 7, 15, 17]
[19:43:38.844] [INF] World state saved
[19:43:40.554] [INF] World backed up
[19:45:38.811] [INF] World state saved
[19:45:40.455] [INF] World backed up
[19:47:38.899] [INF] World state saved
[19:47:40.444] [INF] World backed up
[19:49:38.945] [INF] World state saved
[19:49:40.513] [INF] World backed up
[19:51:38.845] [INF] World state saved
[19:51:40.410] [INF] World backed up
[19:53:39.083] [INF] World state saved
[19:53:40.693] [INF] World backed up
[19:55:39.123] [INF] World state saved
[19:55:40.746] [INF] World backed up
[19:57:38.941] [INF] World state saved
[19:57:40.575] [INF] World backed up
[19:59:38.953] [INF] World state saved
[19:59:40.487] [INF] World backed up
[20:01:01.269] [INF] Spawning 32 entities from 14 spawn points in batch [NitroxInt3 - 15, 9, 8]
[20:01:38.841] [INF] World state saved
[20:01:40.297] [INF] World backed up
[20:03:11.251] [INF] Spawning 312 entities from 119 spawn points in batch [NitroxInt3 - 15, 17, 22]
[20:03:11.292] [INF] Spawning 130 entities from 95 spawn points in batch [NitroxInt3 - 15, 18, 22]
[20:03:11.485] [INF] Spawning 259 entities from 128 spawn points in batch [NitroxInt3 - 16, 17, 22]
[20:03:11.532] [INF] Spawning 172 entities from 112 spawn points in batch [NitroxInt3 - 16, 18, 22]
[20:03:11.577] [INF] Spawning 90 entities from 65 spawn points in batch [NitroxInt3 - 14, 17, 22]
[20:03:11.608] [INF] Spawning 67 entities from 53 spawn points in batch [NitroxInt3 - 14, 18, 22]
[20:03:11.661] [INF] Spawning 329 entities from 66 spawn points in batch [NitroxInt3 - 16, 16, 21]
[20:03:11.678] [INF] Spawning 114 entities from 27 spawn points in batch [NitroxInt3 - 16, 16, 20]
[20:03:11.723] [INF] Spawning 200 entities from 46 spawn points in batch [NitroxInt3 - 14, 16, 21]
[20:03:11.782] [INF] Spawning 154 entities from 42 spawn points in batch [NitroxInt3 - 15, 16, 22]
[20:03:11.804] [INF] Spawning 1 entities from 1 spawn points in batch [NitroxInt3 - 14, 16, 20]
[20:03:11.830] [INF] Spawning 309 entities from 71 spawn points in batch [NitroxInt3 - 16, 16, 22]
[20:03:11.857] [INF] Spawning 144 entities from 56 spawn points in batch [NitroxInt3 - 14, 16, 22]
[20:03:38.829] [INF] World state saved
[20:03:40.292] [INF] World backed up
[20:05:38.895] [INF] World state saved
[20:05:40.382] [INF] World backed up
[20:07:38.867] [INF] World state saved
[20:07:40.385] [INF] World backed up
[20:09:39.064] [INF] World state saved
[20:09:40.656] [INF] World backed up
[20:11:39.123] [INF] World state saved
[20:11:40.948] [INF] World backed up
[20:12:45.429] [INF] Chemiker issued command: /warp DEEPCOOL Chemiker
[20:13:39.083] [INF] World state saved
[20:13:40.982] [INF] World backed up
[20:15:39.014] [INF] World state saved
[20:15:40.826] [INF] World backed up
[20:17:38.805] [INF] World state saved
[20:17:40.640] [INF] World backed up
[20:19:39.031] [INF] World state saved
[20:19:41.007] [INF] World backed up
[20:21:38.783] [INF] World state saved
[20:21:40.647] [INF] World backed up
[20:23:38.814] [INF] World state saved
[20:23:40.658] [INF] World backed up
[20:25:38.638] [INF] World state saved
[20:25:40.387] [INF] World backed up
[20:26:19.773] [INF] Spawning 178 entities from 78 spawn points in batch [NitroxInt3 - 8, 15, 17]
[20:27:03.805] [INF] Spawning 9 entities from 7 spawn points in batch [NitroxInt3 - 7, 15, 16]
[20:27:04.040] [INF] Spawning 47 entities from 25 spawn points in batch [NitroxInt3 - 8, 15, 16]
[20:27:38.753] [INF] World state saved
[20:27:40.515] [INF] World backed up
[20:29:38.681] [INF] World state saved
[20:29:40.385] [INF] World backed up
[20:31:38.909] [INF] World state saved
[20:31:40.630] [INF] World backed up
[20:33:38.795] [INF] World state saved
[20:33:40.563] [INF] World backed up
[20:33:42.825] [INF] Chemiker issued command: /warp DEEPCOOL
[20:35:39.000] [INF] World state saved
[20:35:40.827] [INF] World backed up
[20:37:38.972] [INF] World state saved
[20:37:40.789] [INF] World backed up
[20:39:38.779] [INF] World state saved
[20:39:40.630] [INF] World backed up
[20:41:39.219] [INF] World state saved
[20:41:40.785] [INF] World backed up
[20:43:38.849] [INF] World state saved
[20:43:40.356] [INF] World backed up
[20:45:38.920] [INF] World state saved
[20:45:40.466] [INF] World backed up
[20:47:39.006] [INF] World state saved
[20:47:40.594] [INF] World backed up
[20:49:38.808] [INF] World state saved
[20:49:40.312] [INF] World backed up
[20:50:40.315] [INF] Spawning 192 entities from 82 spawn points in batch [NitroxInt3 - 13, 16, 21]
[20:51:38.951] [INF] World state saved
[20:51:40.515] [INF] World backed up
[20:53:38.834] [INF] World state saved
[20:53:40.360] [INF] World backed up
[20:55:39.083] [INF] World state saved
[20:55:40.708] [INF] World backed up
[20:55:46.508] [INF] Chemiker issued command: /warp DEEPCOOL Chemiker
[20:57:39.050] [INF] World state saved
[20:57:40.646] [INF] World backed up
[20:59:39.040] [INF] World state saved
[20:59:40.675] [INF] World backed up
[21:01:38.761] [INF] World state saved
[21:01:40.288] [INF] World backed up
[21:01:51.634] [WRN] Player DEEPCOOL tried updating 8013ba22-dc1e-458e-a5f8-ccc6b94e6211's position but they don't have the lock on it
[21:03:39.039] [INF] World state saved
[21:03:40.657] [INF] World backed up
[21:05:38.786] [INF] World state saved
[21:05:40.408] [INF] World backed up
[21:07:38.869] [INF] World state saved
[21:07:40.395] [INF] World backed up
[21:09:38.905] [INF] World state saved
[21:09:40.530] [INF] World backed up
[21:11:39.038] [INF] World state saved
[21:11:40.656] [INF] World backed up
[21:13:39.058] [INF] World state saved
[21:13:40.722] [INF] World backed up
[21:15:38.899] [INF] World state saved
[21:15:40.423] [INF] World backed up
[21:17:38.860] [INF] World state saved
[21:17:40.445] [INF] World backed up
[21:19:38.874] [INF] World state saved
[21:19:40.439] [INF] World backed up
[21:21:38.743] [INF] World state saved
[21:21:40.249] [INF] World backed up
[21:23:38.687] [INF] World state saved
[21:23:40.171] [INF] World backed up
[21:25:38.889] [INF] World state saved
[21:25:40.543] [INF] World backed up
[21:27:38.941] [INF] World state saved
[21:27:40.552] [INF] World backed up
[21:29:38.810] [INF] World state saved
[21:29:40.393] [INF] World backed up
[21:31:38.937] [INF] World state saved
[21:31:40.522] [INF] World backed up
[21:33:38.771] [INF] World state saved
[21:33:40.265] [INF] World backed up
[21:35:38.597] [INF] World state saved
[21:35:40.093] [INF] World backed up
[21:37:38.578] [INF] World state saved
[21:37:40.073] [INF] World backed up
[21:39:38.853] [INF] World state saved
[21:39:40.423] [INF] World backed up
[21:41:39.186] [INF] World state saved
[21:41:40.785] [INF] World backed up
[21:43:38.879] [INF] World state saved
[21:43:40.419] [INF] World backed up
[21:45:38.818] [INF] World state saved
[21:45:40.338] [INF] World backed up
[21:47:38.801] [INF] World state saved
[21:47:40.316] [INF] World backed up
[21:49:39.209] [INF] World state saved
[21:49:40.862] [INF] World backed up
[21:51:19.645] [INF] Chemiker issued command: /warp DEEPCOOL Chemiker
[21:51:38.938] [INF] World state saved
[21:51:40.582] [INF] World backed up
[21:53:38.911] [INF] World state saved
[21:53:40.502] [INF] World backed up
[21:55:38.889] [INF] World state saved
[21:55:40.355] [INF] World backed up
[21:57:38.717] [INF] World state saved
[21:57:40.217] [INF] World backed up
[21:59:22.839] [INF] DEEPCOOL left the game
[21:59:38.436] [INF] World state saved
[21:59:39.805] [INF] World backed up
[22:01:38.546] [INF] World state saved
[22:01:39.913] [INF] World backed up
[22:01:52.982] [INF] Chemiker left the game
[22:01:52.985] [INF] Server has paused, waiting for players to connect
[22:01:55.145] [INF] World state saved
[22:36:02.457] [INF] [BROADCAST] Server is shutting down...
[22:36:02.458] [INF] Nitrox Server Stopping...
[22:36:05.781] [INF] World state saved
[22:36:06.343] [INF] Nitrox Server Stopped
